✔ incomplete or identity-mismatched scope cannot invoke the model or claim an attempt (497.114693ms)
✔ original concurrent generation claims once and rebuild replay cannot spend another model call (112.154294ms)
✔ planning change while model is in flight discards its result instead of approving stale facts (70.943591ms)
✔ unavailable real port does not synthesize a proposal; replay remains unavailable (69.288696ms)
✔ confirmation is atomic, immutable, replayable after rebuild and leaves all execution blocked (117.352389ms)
✔ stale confirmation and concurrent confirmations cannot replace the approved scope (173.716408ms)
✔ expired advisory claim recovers to unavailable and rejects any late model result (89.542183ms)
✔ revoked session during generation cannot persist a proposal, approval or raw provider error (54.653386ms)
✔ audit error rolls confirmation and project version back together (104.89316ms)
✔ an in-flight replacement direction cannot be bypassed by confirming the previous proposal (127.893805ms)
✔ declared stage limits required goals and cannot be changed by original-key replay (99.456151ms)
✔ durable preflight concurrent claim has one winner and rebuild preserves unknown launch intent (25.263678ms)
✔ conflicting task/file intent is rejected without changing the persisted original (14.632805ms)
✔ lost real PG claim COMMIT acknowledgement cannot turn restart into a fresh claim (12.296263ms)
✔ trace is one-to-one immutable and lost binding ACK preserves the exact original trace (32.986479ms)
✔ unknown observation cannot erase bound trace or promote model evidence into publication (31.812427ms)
✔ journal rejects absent binding and corrupt stored assignments before returning a trace (16.75247ms)
ℹ tests 17
ℹ suites 0
ℹ pass 17
ℹ fail 0
ℹ cancelled 0
ℹ skipped 0
ℹ todo 0
ℹ duration_ms 2248.3664
