✔ GET is read-only; real request durably reports missing resources with no permission or fake success (757.717947ms)
✔ transport ACK loss and process reconstruction recover same original task without another check (84.148082ms)
✔ concurrent same-scope requests create one central task and one check; changed scope cannot replace it (56.100391ms)
✔ same key cannot change payload/kind; forged evidence/permissions and wrong paths are rejected (37.818873ms)
✔ recheck changes original task version once; replay and stale retry cannot generate a new attempt (59.601663ms)
✔ real reserved allocation selects app inspection, but physical execution remains closed (56.733247ms)
✔ unassigned original task can attach only matching centrally reserved resources without replacing intent (89.848151ms)
✔ CSRF, expired session and audit failure are atomic and do not leak raw DB details (44.979845ms)
✔ real journal requires exact central task/allocation; concurrent original claim has one winner (61.564563ms)
✔ durable original trace survives reconstruction; forged binding/observation and history edits fail (58.698987ms)
✔ rechecking after a committed launch preserves original uncertainty and prevents another launch version (80.187038ms)
✔ concurrent execution admission reviews persist once, create no dispatch and never alter the original task (84.594497ms)
✔ review keys cannot be reused across commands, scope or versions; forged permissions and CSRF cannot create a review (74.440842ms)
✔ original SDK completion stays unverified; review uses current pause and preserves the original attempt (59.512484ms)
✔ read-only original-operation projection preserves bound trace after lost ACK and rejects corrupt receipt scope (78.03318ms)
✔ execution review audit failure rolls back; committed history cannot be rewritten (58.840759ms)
✔ a later recheck does not erase the saved older review or allow its key to create a new review (77.159175ms)
✔ reviews with identical timestamps use committed sequence, not UUID order, to project the latest facts (47.30027ms)
ℹ tests 18
ℹ suites 0
ℹ pass 18
ℹ fail 0
ℹ cancelled 0
ℹ skipped 0
ℹ todo 0
ℹ duration_ms 3353.751647
