✔ GET is read-only; real request durably reports missing resources with no permission or fake success (1060.792878ms)
✔ transport ACK loss and process reconstruction recover same original task without another check (153.465251ms)
✔ concurrent same-scope requests create one central task and one check; changed scope cannot replace it (78.514157ms)
✔ same key cannot change payload/kind; forged evidence/permissions and wrong paths are rejected (58.382499ms)
✔ recheck changes original task version once; replay and stale retry cannot generate a new attempt (83.390105ms)
✔ real reserved allocation selects app inspection, but physical execution remains closed (98.394812ms)
✔ unassigned original task can attach only matching centrally reserved resources without replacing intent (108.301542ms)
✔ CSRF, expired session and audit failure are atomic and do not leak raw DB details (83.174552ms)
✔ real journal requires exact central task/allocation; concurrent original claim has one winner (96.383529ms)
✔ durable original trace survives reconstruction; forged binding/observation and history edits fail (111.784733ms)
✔ rechecking after a committed launch preserves original uncertainty and prevents another launch version (131.894455ms)
✔ concurrent execution admission reviews persist once, create no dispatch and never alter the original task (157.287067ms)
✔ review keys cannot be reused across commands, scope or versions; forged permissions and CSRF cannot create a review (102.482349ms)
✔ original SDK completion stays unverified; review uses current pause and preserves the original attempt (63.701324ms)
✔ read-only original-operation projection preserves bound trace after lost ACK and rejects corrupt receipt scope (152.659448ms)
✔ execution review audit failure rolls back; committed history cannot be rewritten (91.788083ms)
✔ a later recheck does not erase the saved older review or allow its key to create a new review (132.569042ms)
ℹ tests 17
ℹ suites 0
ℹ pass 17
ℹ fail 0
ℹ cancelled 0
ℹ skipped 0
ℹ todo 0
ℹ duration_ms 4171.988514
