
> socialgrowth-monorepo@1.0.0 build:product /Users/linghuxj/Documents/myproject/project/SocialGrowth
> pnpm --filter './product/**' --workspace-concurrency=1 run build

Scope: 4 of 10 workspace projects

> @socialgrowth/product-contracts@0.0.0 build /Users/linghuxj/Documents/myproject/project/SocialGrowth/product/contracts
> tsc -p tsconfig.json && pnpm generate:check


> @socialgrowth/product-contracts@0.0.0 generate:check /Users/linghuxj/Documents/myproject/project/SocialGrowth/product/contracts
> tsx src/generate-contracts.ts --check && tsx src/generate-participation-contract.ts --check


> @socialgrowth/product-backend@0.0.0 build /Users/linghuxj/Documents/myproject/project/SocialGrowth/product/backend
> tsc -p tsconfig.json


> @socialgrowth/product-executor@0.0.0 build /Users/linghuxj/Documents/myproject/project/SocialGrowth/product/executor
> tsc -p tsconfig.json


> @socialgrowth/product-web@0.0.0 build /Users/linghuxj/Documents/myproject/project/SocialGrowth/product/web
> tsc -b && vite build

vite v8.0.13 building client environment for production...
[2Ktransforming...✓ 4699 modules transformed.
rendering chunks...
computing gzip size...
dist/index.html                   0.41 kB │ gzip:   0.30 kB
dist/assets/index-CraQ5ISR.css   22.67 kB │ gzip:   5.29 kB
dist/assets/index-DXMXYbb1.js   494.23 kB │ gzip: 143.22 kB

✓ built in 421ms
