✖ real HTTP installation routes persist challenge and confirmation without action permission or stop proof (1441.447041ms)
✖ wrong bearer, forged scope and unassociated installation cannot confirm participation (97.355091ms)
✔ replay retains original challenge expiry and confirmation time; new challenge retains prior fresh pulse (408.924932ms)
✔ expired nonce, superseded nonce and wrong run cannot manufacture a new pulse (232.262632ms)
✔ withdrawal atomically increments control generation, blocks late heartbeat and preserves stopped=false (238.942672ms)
✔ old withdrawn run cannot revoke successor; simultaneous run starts leave only one active run (261.407813ms)
✔ fact, epoch, owner and installation replacement immediately invalidate participation (579.923619ms)
✔ disabled owner may withdraw but cannot renew; revoked session cannot authenticate (237.288505ms)
✔ reauthentication after lock wait rejects session that expired while queued (630.367214ms)
✔ audit failure rolls back withdrawal and control revocation together (188.044163ms)
✔ heartbeats keep one mutable row and create no repeated start/withdraw audits (488.294325ms)
ℹ tests 11
ℹ suites 0
ℹ pass 9
ℹ fail 2
ℹ cancelled 0
ℹ skipped 0
ℹ todo 0
ℹ duration_ms 7006.520529

✖ failing tests:

test at src/local-participation.pg-test.ts:37:1
✖ real HTTP installation routes persist challenge and confirmation without action permission or stop proof (1441.447041ms)
  AssertionError [ERR_ASSERTION]: Expected values to be strictly equal:
  
  401 !== 201
  
      at TestContext.<anonymous> (/Users/linghuxj/Documents/myproject/project/SocialGrowth/product/backend/src/local-participation.pg-test.ts:37:209)
      at process.processTicksAndRejections (node:internal/process/task_queues:104:5)
      at async Test.run (node:internal/test_runner/test:1313:7)
      at async startSubtestAfterBootstrap (node:internal/test_runner/harness:385:3) {
    generatedMessage: true,
    code: 'ERR_ASSERTION',
    actual: 401,
    expected: 201,
    operator: 'strictEqual',
    diff: 'simple'
  }

test at src/local-participation.pg-test.ts:40:1
✖ wrong bearer, forged scope and unassociated installation cannot confirm participation (97.355091ms)
  AssertionError [ERR_ASSERTION]: Expected values to be strictly equal:
  
  401 !== 400
  
      at TestContext.<anonymous> (/Users/linghuxj/Documents/myproject/project/SocialGrowth/product/backend/src/local-participation.pg-test.ts:40:216)
      at process.processTicksAndRejections (node:internal/process/task_queues:104:5)
      at async Test.run (node:internal/test_runner/test:1313:7)
      at async Test.processPendingSubtests (node:internal/test_runner/test:897:7) {
    generatedMessage: true,
    code: 'ERR_ASSERTION',
    actual: 401,
    expected: 400,
    operator: 'strictEqual',
    diff: 'simple'
  }
undefined
/Users/linghuxj/Documents/myproject/project/SocialGrowth/product/backend:
 ERR_PNPM_RECURSIVE_EXEC_FIRST_FAIL  Command failed with exit code 1: tsx --test --test-concurrency=1 src/local-participation.pg-test.ts
