✔ GET is read-only; real request durably reports missing resources with no permission or fake success (634.454721ms)
✔ transport ACK loss and process reconstruction recover same original task without another check (117.014834ms)
✔ concurrent same-scope requests create one central task and one check; changed scope cannot replace it (65.760868ms)
✔ same key cannot change payload/kind; forged evidence/permissions and wrong paths are rejected (56.102467ms)
✔ recheck changes original task version once; replay and stale retry cannot generate a new attempt (69.873076ms)
✔ real reserved allocation selects app inspection, but physical execution remains closed (79.592316ms)
✔ unassigned original task can attach only matching centrally reserved resources without replacing intent (88.273677ms)
✔ CSRF, expired session and audit failure are atomic and do not leak raw DB details (55.013629ms)
✔ real journal requires exact central task/allocation; concurrent original claim has one winner (89.023432ms)
✔ durable original trace survives reconstruction; forged binding/observation and history edits fail (67.563657ms)
✔ rechecking after a committed launch preserves original uncertainty and prevents another launch version (75.96107ms)
✔ concurrent execution admission reviews persist once, create no dispatch and never alter the original task (111.664474ms)
✔ review keys cannot be reused across commands, scope or versions; forged permissions and CSRF cannot create a review (88.293759ms)
✔ original SDK completion stays unverified; review uses current pause and preserves the original attempt (88.675567ms)
✔ read-only original-operation projection preserves bound trace after lost ACK and rejects corrupt receipt scope (93.64555ms)
✔ execution review audit failure rolls back; committed history cannot be rewritten (60.264156ms)
✔ a later recheck does not erase the saved older review or allow its key to create a new review (80.447837ms)
✔ reviews with identical timestamps use committed sequence, not UUID order, to project the latest facts (54.449687ms)
ℹ tests 18
ℹ suites 0
ℹ pass 18
ℹ fail 0
ℹ cancelled 0
ℹ skipped 0
ℹ todo 0
ℹ duration_ms 3071.512252
