
> @socialgrowth/product-web@0.0.0 dev /Users/linghuxj/Documents/myproject/project/SocialGrowth/product/web
> vite --host 127.0.0.1 --port 3100


  VITE v8.0.13  ready in 294 ms

  ➜  Local:   http://127.0.0.1:3100/
6:04:33 PM [vite] (client) hmr update /src/app.tsx, /src/project-panel.tsx, /src/account-preparation-panel.tsx, /src/material-workspace.tsx, /src/project-planning-panel.tsx, /src/project-direction-panel.tsx
6:04:33 PM [vite] (client) hmr update /src/app.tsx, /src/project-panel.tsx, /src/account-preparation-panel.tsx, /src/material-workspace.tsx, /src/project-planning-panel.tsx, /src/project-direction-panel.tsx
6:04:33 PM [vite] (client) hmr update /src/app.tsx, /src/project-panel.tsx, /src/account-preparation-panel.tsx, /src/material-workspace.tsx, /src/project-planning-panel.tsx, /src/project-direction-panel.tsx
6:04:33 PM [vite] (client) hmr update /src/app.tsx, /src/project-panel.tsx, /src/account-preparation-panel.tsx, /src/material-workspace.tsx, /src/project-planning-panel.tsx, /src/project-direction-panel.tsx
6:04:33 PM [vite] (client) hmr update /src/app.tsx, /src/project-panel.tsx, /src/account-preparation-panel.tsx, /src/material-workspace.tsx, /src/project-planning-panel.tsx, /src/project-direction-panel.tsx
6:04:33 PM [vite] (client) hmr update /src/app.tsx, /src/project-panel.tsx, /src/account-preparation-panel.tsx, /src/material-workspace.tsx, /src/project-planning-panel.tsx, /src/project-direction-panel.tsx
6:04:33 PM [vite] (client) hmr update /src/app.tsx, /src/project-panel.tsx, /src/account-preparation-panel.tsx, /src/material-workspace.tsx, /src/project-planning-panel.tsx, /src/project-direction-panel.tsx
6:04:33 PM [vite] (client) hmr update /src/app.tsx, /src/project-panel.tsx, /src/account-preparation-panel.tsx, /src/material-workspace.tsx, /src/project-planning-panel.tsx, /src/project-direction-panel.tsx
6:04:33 PM [vite] (client) hmr update /src/app.tsx, /src/project-panel.tsx, /src/account-preparation-panel.tsx, /src/material-workspace.tsx, /src/project-planning-panel.tsx, /src/project-direction-panel.tsx
6:04:33 PM [vite] (client) hmr update /src/app.tsx, /src/project-panel.tsx, /src/account-preparation-panel.tsx, /src/material-workspace.tsx, /src/project-planning-panel.tsx, /src/project-direction-panel.tsx
6:04:33 PM [vite] (client) hmr update /src/app.tsx, /src/project-panel.tsx, /src/account-preparation-panel.tsx, /src/material-workspace.tsx, /src/project-planning-panel.tsx, /src/project-direction-panel.tsx
6:04:33 PM [vite] (client) hmr update /src/app.tsx, /src/project-panel.tsx, /src/account-preparation-panel.tsx, /src/material-workspace.tsx, /src/project-planning-panel.tsx, /src/project-direction-panel.tsx
6:04:33 PM [vite] (client) hmr update /src/app.tsx, /src/project-panel.tsx, /src/account-preparation-panel.tsx, /src/material-workspace.tsx, /src/project-planning-panel.tsx, /src/project-direction-panel.tsx
6:04:33 PM [vite] (client) hmr update /src/app.tsx, /src/project-panel.tsx, /src/account-preparation-panel.tsx, /src/material-workspace.tsx, /src/project-planning-panel.tsx, /src/project-direction-panel.tsx
6:04:33 PM [vite] (client) hmr update /src/app.tsx, /src/project-panel.tsx, /src/account-preparation-panel.tsx, /src/material-workspace.tsx, /src/project-planning-panel.tsx, /src/project-direction-panel.tsx
6:04:33 PM [vite] (client) hmr update /src/app.tsx, /src/project-panel.tsx, /src/account-preparation-panel.tsx, /src/material-workspace.tsx, /src/project-planning-panel.tsx, /src/project-direction-panel.tsx
6:04:33 PM [vite] (client) hmr update /src/app.tsx, /src/project-panel.tsx, /src/account-preparation-panel.tsx, /src/material-workspace.tsx, /src/project-planning-panel.tsx, /src/project-direction-panel.tsx
6:04:33 PM [vite] (client) hmr update /src/app.tsx, /src/project-panel.tsx, /src/account-preparation-panel.tsx, /src/material-workspace.tsx, /src/project-planning-panel.tsx, /src/project-direction-panel.tsx
6:04:33 PM [vite] (client) hmr update /src/app.tsx, /src/project-panel.tsx, /src/account-preparation-panel.tsx, /src/material-workspace.tsx, /src/project-planning-panel.tsx, /src/project-direction-panel.tsx
6:04:33 PM [vite] (client) hmr update /src/app.tsx, /src/project-panel.tsx, /src/account-preparation-panel.tsx, /src/material-workspace.tsx, /src/project-planning-panel.tsx, /src/project-direction-panel.tsx
6:04:33 PM [vite] (client) hmr update /src/app.tsx, /src/project-panel.tsx, /src/account-preparation-panel.tsx, /src/material-workspace.tsx, /src/project-planning-panel.tsx, /src/project-direction-panel.tsx
6:04:33 PM [vite] (client) hmr update /src/app.tsx, /src/project-panel.tsx, /src/account-preparation-panel.tsx, /src/material-workspace.tsx, /src/project-planning-panel.tsx, /src/project-direction-panel.tsx
6:04:33 PM [vite] (client) hmr update /src/app.tsx, /src/project-panel.tsx, /src/account-preparation-panel.tsx, /src/material-workspace.tsx, /src/project-planning-panel.tsx, /src/project-direction-panel.tsx
6:04:33 PM [vite] (client) hmr update /src/app.tsx, /src/project-panel.tsx, /src/account-preparation-panel.tsx, /src/material-workspace.tsx, /src/project-planning-panel.tsx, /src/project-direction-panel.tsx
6:04:33 PM [vite] (client) hmr update /src/app.tsx, /src/project-panel.tsx, /src/account-preparation-panel.tsx, /src/material-workspace.tsx, /src/project-planning-panel.tsx, /src/project-direction-panel.tsx
6:04:33 PM [vite] (client) hmr update /src/app.tsx, /src/project-panel.tsx, /src/account-preparation-panel.tsx, /src/material-workspace.tsx, /src/project-planning-panel.tsx, /src/project-direction-panel.tsx
6:04:33 PM [vite] (client) hmr update /src/app.tsx, /src/project-panel.tsx, /src/account-preparation-panel.tsx, /src/material-workspace.tsx, /src/project-planning-panel.tsx, /src/project-direction-panel.tsx
6:04:33 PM [vite] (client) hmr update /src/app.tsx, /src/project-panel.tsx, /src/account-preparation-panel.tsx, /src/material-workspace.tsx, /src/project-planning-panel.tsx, /src/project-direction-panel.tsx
6:04:33 PM [vite] (client) hmr update /src/app.tsx, /src/project-panel.tsx, /src/account-preparation-panel.tsx, /src/material-workspace.tsx, /src/project-planning-panel.tsx, /src/project-direction-panel.tsx
6:04:33 PM [vite] (client) hmr update /src/app.tsx, /src/project-panel.tsx, /src/account-preparation-panel.tsx, /src/material-workspace.tsx, /src/project-planning-panel.tsx, /src/project-direction-panel.tsx
6:07:38 PM [vite] (client) hmr update /src/app.tsx, /src/project-panel.tsx, /src/account-preparation-panel.tsx, /src/material-workspace.tsx, /src/project-planning-panel.tsx, /src/project-direction-panel.tsx
6:07:38 PM [vite] (client) hmr update /src/app.tsx, /src/project-panel.tsx, /src/account-preparation-panel.tsx, /src/material-workspace.tsx, /src/project-planning-panel.tsx, /src/project-direction-panel.tsx
6:07:38 PM [vite] (client) hmr update /src/app.tsx, /src/project-panel.tsx, /src/account-preparation-panel.tsx, /src/material-workspace.tsx, /src/project-planning-panel.tsx, /src/project-direction-panel.tsx
6:07:38 PM [vite] (client) hmr update /src/app.tsx, /src/project-panel.tsx, /src/account-preparation-panel.tsx, /src/material-workspace.tsx, /src/project-planning-panel.tsx, /src/project-direction-panel.tsx
6:07:38 PM [vite] (client) hmr update /src/app.tsx, /src/project-panel.tsx, /src/account-preparation-panel.tsx, /src/material-workspace.tsx, /src/project-planning-panel.tsx, /src/project-direction-panel.tsx
6:07:38 PM [vite] (client) hmr update /src/app.tsx, /src/project-panel.tsx, /src/account-preparation-panel.tsx, /src/material-workspace.tsx, /src/project-planning-panel.tsx, /src/project-direction-panel.tsx
6:07:38 PM [vite] (client) hmr update /src/app.tsx, /src/project-panel.tsx, /src/account-preparation-panel.tsx, /src/material-workspace.tsx, /src/project-planning-panel.tsx, /src/project-direction-panel.tsx
6:07:38 PM [vite] (client) hmr update /src/app.tsx, /src/project-panel.tsx, /src/account-preparation-panel.tsx, /src/material-workspace.tsx, /src/project-planning-panel.tsx, /src/project-direction-panel.tsx
6:07:38 PM [vite] (client) hmr update /src/app.tsx, /src/project-panel.tsx, /src/account-preparation-panel.tsx, /src/material-workspace.tsx, /src/project-planning-panel.tsx, /src/project-direction-panel.tsx
6:07:38 PM [vite] (client) hmr update /src/app.tsx, /src/project-panel.tsx, /src/account-preparation-panel.tsx, /src/material-workspace.tsx, /src/project-planning-panel.tsx, /src/project-direction-panel.tsx
6:07:38 PM [vite] (client) hmr update /src/app.tsx, /src/project-panel.tsx, /src/account-preparation-panel.tsx, /src/material-workspace.tsx, /src/project-planning-panel.tsx, /src/project-direction-panel.tsx
6:07:38 PM [vite] (client) hmr update /src/app.tsx, /src/project-panel.tsx, /src/account-preparation-panel.tsx, /src/material-workspace.tsx, /src/project-planning-panel.tsx, /src/project-direction-panel.tsx
6:07:38 PM [vite] (client) hmr update /src/app.tsx, /src/project-panel.tsx, /src/account-preparation-panel.tsx, /src/material-workspace.tsx, /src/project-planning-panel.tsx, /src/project-direction-panel.tsx
6:07:38 PM [vite] (client) hmr update /src/app.tsx, /src/project-panel.tsx, /src/account-preparation-panel.tsx, /src/material-workspace.tsx, /src/project-planning-panel.tsx, /src/project-direction-panel.tsx
6:07:38 PM [vite] (client) hmr update /src/app.tsx, /src/project-panel.tsx, /src/account-preparation-panel.tsx, /src/material-workspace.tsx, /src/project-planning-panel.tsx, /src/project-direction-panel.tsx
6:07:38 PM [vite] (client) hmr update /src/app.tsx, /src/project-panel.tsx, /src/account-preparation-panel.tsx, /src/material-workspace.tsx, /src/project-planning-panel.tsx, /src/project-direction-panel.tsx
6:07:38 PM [vite] (client) hmr update /src/app.tsx, /src/project-panel.tsx, /src/account-preparation-panel.tsx, /src/material-workspace.tsx, /src/project-planning-panel.tsx, /src/project-direction-panel.tsx
6:07:38 PM [vite] (client) hmr update /src/app.tsx, /src/project-panel.tsx, /src/account-preparation-panel.tsx, /src/material-workspace.tsx, /src/project-planning-panel.tsx, /src/project-direction-panel.tsx
6:07:38 PM [vite] (client) hmr update /src/app.tsx, /src/project-panel.tsx, /src/account-preparation-panel.tsx, /src/material-workspace.tsx, /src/project-planning-panel.tsx, /src/project-direction-panel.tsx
6:07:38 PM [vite] (client) hmr update /src/app.tsx, /src/project-panel.tsx, /src/account-preparation-panel.tsx, /src/material-workspace.tsx, /src/project-planning-panel.tsx, /src/project-direction-panel.tsx
6:07:38 PM [vite] (client) hmr update /src/app.tsx, /src/project-panel.tsx, /src/account-preparation-panel.tsx, /src/material-workspace.tsx, /src/project-planning-panel.tsx, /src/project-direction-panel.tsx
6:07:38 PM [vite] (client) hmr update /src/app.tsx, /src/project-panel.tsx, /src/account-preparation-panel.tsx, /src/material-workspace.tsx, /src/project-planning-panel.tsx, /src/project-direction-panel.tsx
6:07:38 PM [vite] (client) hmr update /src/app.tsx, /src/project-panel.tsx, /src/account-preparation-panel.tsx, /src/material-workspace.tsx, /src/project-planning-panel.tsx, /src/project-direction-panel.tsx
6:07:38 PM [vite] (client) hmr update /src/app.tsx, /src/project-panel.tsx, /src/account-preparation-panel.tsx, /src/material-workspace.tsx, /src/project-planning-panel.tsx, /src/project-direction-panel.tsx
6:07:38 PM [vite] (client) hmr update /src/app.tsx, /src/project-panel.tsx, /src/account-preparation-panel.tsx, /src/material-workspace.tsx, /src/project-planning-panel.tsx, /src/project-direction-panel.tsx
6:07:38 PM [vite] (client) hmr update /src/app.tsx, /src/project-panel.tsx, /src/account-preparation-panel.tsx, /src/material-workspace.tsx, /src/project-planning-panel.tsx, /src/project-direction-panel.tsx
6:07:38 PM [vite] (client) hmr update /src/app.tsx, /src/project-panel.tsx, /src/account-preparation-panel.tsx, /src/material-workspace.tsx, /src/project-planning-panel.tsx, /src/project-direction-panel.tsx
6:07:38 PM [vite] (client) hmr update /src/app.tsx, /src/project-panel.tsx, /src/account-preparation-panel.tsx, /src/material-workspace.tsx, /src/project-planning-panel.tsx, /src/project-direction-panel.tsx
6:07:38 PM [vite] (client) hmr update /src/app.tsx, /src/project-panel.tsx, /src/account-preparation-panel.tsx, /src/material-workspace.tsx, /src/project-planning-panel.tsx, /src/project-direction-panel.tsx
6:07:38 PM [vite] (client) hmr update /src/app.tsx, /src/project-panel.tsx, /src/account-preparation-panel.tsx, /src/material-workspace.tsx, /src/project-planning-panel.tsx, /src/project-direction-panel.tsx
6:07:40 PM [vite] (client) hmr update /src/app.tsx, /src/project-panel.tsx, /src/account-preparation-panel.tsx, /src/material-workspace.tsx, /src/project-planning-panel.tsx, /src/project-direction-panel.tsx
6:07:41 PM [vite] (client) hmr update /src/app.tsx, /src/project-panel.tsx, /src/account-preparation-panel.tsx, /src/material-workspace.tsx, /src/project-planning-panel.tsx, /src/project-direction-panel.tsx
6:07:41 PM [vite] (client) hmr update /src/app.tsx, /src/project-panel.tsx, /src/account-preparation-panel.tsx, /src/material-workspace.tsx, /src/project-planning-panel.tsx, /src/project-direction-panel.tsx
6:07:41 PM [vite] (client) hmr update /src/app.tsx, /src/project-panel.tsx, /src/account-preparation-panel.tsx, /src/material-workspace.tsx, /src/project-planning-panel.tsx, /src/project-direction-panel.tsx
6:07:41 PM [vite] (client) hmr update /src/app.tsx, /src/project-panel.tsx, /src/account-preparation-panel.tsx, /src/material-workspace.tsx, /src/project-planning-panel.tsx, /src/project-direction-panel.tsx
6:07:41 PM [vite] (client) hmr update /src/app.tsx, /src/project-panel.tsx, /src/account-preparation-panel.tsx, /src/material-workspace.tsx, /src/project-planning-panel.tsx, /src/project-direction-panel.tsx
6:07:41 PM [vite] (client) hmr update /src/app.tsx, /src/project-panel.tsx, /src/account-preparation-panel.tsx, /src/material-workspace.tsx, /src/project-planning-panel.tsx, /src/project-direction-panel.tsx
6:07:41 PM [vite] (client) hmr update /src/app.tsx, /src/project-panel.tsx, /src/account-preparation-panel.tsx, /src/material-workspace.tsx, /src/project-planning-panel.tsx, /src/project-direction-panel.tsx
6:07:41 PM [vite] (client) hmr update /src/app.tsx, /src/project-panel.tsx, /src/account-preparation-panel.tsx, /src/material-workspace.tsx, /src/project-planning-panel.tsx, /src/project-direction-panel.tsx
6:07:41 PM [vite] (client) hmr update /src/app.tsx, /src/project-panel.tsx, /src/account-preparation-panel.tsx, /src/material-workspace.tsx, /src/project-planning-panel.tsx, /src/project-direction-panel.tsx
6:07:41 PM [vite] (client) hmr update /src/app.tsx, /src/project-panel.tsx, /src/account-preparation-panel.tsx, /src/material-workspace.tsx, /src/project-planning-panel.tsx, /src/project-direction-panel.tsx
6:07:41 PM [vite] (client) hmr update /src/app.tsx, /src/project-panel.tsx, /src/account-preparation-panel.tsx, /src/material-workspace.tsx, /src/project-planning-panel.tsx, /src/project-direction-panel.tsx
6:07:41 PM [vite] (client) hmr update /src/app.tsx, /src/project-panel.tsx, /src/account-preparation-panel.tsx, /src/material-workspace.tsx, /src/project-planning-panel.tsx, /src/project-direction-panel.tsx
6:07:41 PM [vite] (client) hmr update /src/app.tsx, /src/project-panel.tsx, /src/account-preparation-panel.tsx, /src/material-workspace.tsx, /src/project-planning-panel.tsx, /src/project-direction-panel.tsx
6:07:41 PM [vite] (client) hmr update /src/app.tsx, /src/project-panel.tsx, /src/account-preparation-panel.tsx, /src/material-workspace.tsx, /src/project-planning-panel.tsx, /src/project-direction-panel.tsx
6:07:41 PM [vite] (client) hmr update /src/app.tsx, /src/project-panel.tsx, /src/account-preparation-panel.tsx, /src/material-workspace.tsx, /src/project-planning-panel.tsx, /src/project-direction-panel.tsx
6:07:41 PM [vite] (client) hmr update /src/app.tsx, /src/project-panel.tsx, /src/account-preparation-panel.tsx, /src/material-workspace.tsx, /src/project-planning-panel.tsx, /src/project-direction-panel.tsx
6:07:41 PM [vite] (client) hmr update /src/app.tsx, /src/project-panel.tsx, /src/account-preparation-panel.tsx, /src/material-workspace.tsx, /src/project-planning-panel.tsx, /src/project-direction-panel.tsx
6:07:41 PM [vite] (client) hmr update /src/app.tsx, /src/project-panel.tsx, /src/account-preparation-panel.tsx, /src/material-workspace.tsx, /src/project-planning-panel.tsx, /src/project-direction-panel.tsx
6:07:41 PM [vite] (client) hmr update /src/app.tsx, /src/project-panel.tsx, /src/account-preparation-panel.tsx, /src/material-workspace.tsx, /src/project-planning-panel.tsx, /src/project-direction-panel.tsx
6:07:41 PM [vite] (client) hmr update /src/app.tsx, /src/project-panel.tsx, /src/account-preparation-panel.tsx, /src/material-workspace.tsx, /src/project-planning-panel.tsx, /src/project-direction-panel.tsx
6:07:41 PM [vite] (client) hmr update /src/app.tsx, /src/project-panel.tsx, /src/account-preparation-panel.tsx, /src/material-workspace.tsx, /src/project-planning-panel.tsx, /src/project-direction-panel.tsx
6:07:41 PM [vite] (client) hmr update /src/app.tsx, /src/project-panel.tsx, /src/account-preparation-panel.tsx, /src/material-workspace.tsx, /src/project-planning-panel.tsx, /src/project-direction-panel.tsx
6:07:41 PM [vite] (client) hmr update /src/app.tsx, /src/project-panel.tsx, /src/account-preparation-panel.tsx, /src/material-workspace.tsx, /src/project-planning-panel.tsx, /src/project-direction-panel.tsx
6:07:41 PM [vite] (client) hmr update /src/app.tsx, /src/project-panel.tsx, /src/account-preparation-panel.tsx, /src/material-workspace.tsx, /src/project-planning-panel.tsx, /src/project-direction-panel.tsx
6:07:41 PM [vite] (client) hmr update /src/app.tsx, /src/project-panel.tsx, /src/account-preparation-panel.tsx, /src/material-workspace.tsx, /src/project-planning-panel.tsx, /src/project-direction-panel.tsx
6:07:41 PM [vite] (client) hmr update /src/app.tsx, /src/project-panel.tsx, /src/account-preparation-panel.tsx, /src/material-workspace.tsx, /src/project-planning-panel.tsx, /src/project-direction-panel.tsx
6:07:41 PM [vite] (client) hmr update /src/app.tsx, /src/project-panel.tsx, /src/account-preparation-panel.tsx, /src/material-workspace.tsx, /src/project-planning-panel.tsx, /src/project-direction-panel.tsx
6:07:41 PM [vite] (client) hmr update /src/app.tsx, /src/project-panel.tsx, /src/account-preparation-panel.tsx, /src/material-workspace.tsx, /src/project-planning-panel.tsx, /src/project-direction-panel.tsx
6:07:41 PM [vite] (client) hmr update /src/app.tsx, /src/project-panel.tsx, /src/account-preparation-panel.tsx, /src/material-workspace.tsx, /src/project-planning-panel.tsx, /src/project-direction-panel.tsx
6:14:00 PM [vite] (client) hmr update /src/app.tsx, /src/project-panel.tsx, /src/account-preparation-panel.tsx, /src/material-workspace.tsx, /src/project-planning-panel.tsx, /src/project-direction-panel.tsx
6:14:00 PM [vite] (client) hmr update /src/app.tsx, /src/project-panel.tsx, /src/account-preparation-panel.tsx, /src/material-workspace.tsx, /src/project-planning-panel.tsx, /src/project-direction-panel.tsx
6:14:00 PM [vite] (client) hmr update /src/app.tsx, /src/project-panel.tsx, /src/account-preparation-panel.tsx, /src/material-workspace.tsx, /src/project-planning-panel.tsx, /src/project-direction-panel.tsx
6:14:00 PM [vite] (client) hmr update /src/app.tsx, /src/project-panel.tsx, /src/account-preparation-panel.tsx, /src/material-workspace.tsx, /src/project-planning-panel.tsx, /src/project-direction-panel.tsx
6:14:00 PM [vite] (client) hmr update /src/app.tsx, /src/project-panel.tsx, /src/account-preparation-panel.tsx, /src/material-workspace.tsx, /src/project-planning-panel.tsx, /src/project-direction-panel.tsx
6:14:00 PM [vite] (client) hmr update /src/app.tsx, /src/project-panel.tsx, /src/account-preparation-panel.tsx, /src/material-workspace.tsx, /src/project-planning-panel.tsx, /src/project-direction-panel.tsx
6:14:00 PM [vite] (client) hmr update /src/app.tsx, /src/project-panel.tsx, /src/account-preparation-panel.tsx, /src/material-workspace.tsx, /src/project-planning-panel.tsx, /src/project-direction-panel.tsx
6:14:00 PM [vite] (client) hmr update /src/app.tsx, /src/project-panel.tsx, /src/account-preparation-panel.tsx, /src/material-workspace.tsx, /src/project-planning-panel.tsx, /src/project-direction-panel.tsx
6:14:00 PM [vite] (client) hmr update /src/app.tsx, /src/project-panel.tsx, /src/account-preparation-panel.tsx, /src/material-workspace.tsx, /src/project-planning-panel.tsx, /src/project-direction-panel.tsx
6:14:00 PM [vite] (client) hmr update /src/app.tsx, /src/project-panel.tsx, /src/account-preparation-panel.tsx, /src/material-workspace.tsx, /src/project-planning-panel.tsx, /src/project-direction-panel.tsx
6:14:00 PM [vite] (client) hmr update /src/app.tsx, /src/project-panel.tsx, /src/account-preparation-panel.tsx, /src/material-workspace.tsx, /src/project-planning-panel.tsx, /src/project-direction-panel.tsx
6:14:00 PM [vite] (client) hmr update /src/app.tsx, /src/project-panel.tsx, /src/account-preparation-panel.tsx, /src/material-workspace.tsx, /src/project-planning-panel.tsx, /src/project-direction-panel.tsx
6:14:00 PM [vite] (client) hmr update /src/app.tsx, /src/project-panel.tsx, /src/account-preparation-panel.tsx, /src/material-workspace.tsx, /src/project-planning-panel.tsx, /src/project-direction-panel.tsx
6:14:00 PM [vite] (client) hmr update /src/app.tsx, /src/project-panel.tsx, /src/account-preparation-panel.tsx, /src/material-workspace.tsx, /src/project-planning-panel.tsx, /src/project-direction-panel.tsx
6:14:00 PM [vite] (client) hmr update /src/app.tsx, /src/project-panel.tsx, /src/account-preparation-panel.tsx, /src/material-workspace.tsx, /src/project-planning-panel.tsx, /src/project-direction-panel.tsx
6:14:00 PM [vite] (client) hmr update /src/app.tsx, /src/project-panel.tsx, /src/account-preparation-panel.tsx, /src/material-workspace.tsx, /src/project-planning-panel.tsx, /src/project-direction-panel.tsx
6:14:00 PM [vite] (client) hmr update /src/app.tsx, /src/project-panel.tsx, /src/account-preparation-panel.tsx, /src/material-workspace.tsx, /src/project-planning-panel.tsx, /src/project-direction-panel.tsx
6:14:00 PM [vite] (client) hmr update /src/app.tsx, /src/project-panel.tsx, /src/account-preparation-panel.tsx, /src/material-workspace.tsx, /src/project-planning-panel.tsx, /src/project-direction-panel.tsx
6:14:00 PM [vite] (client) hmr update /src/app.tsx, /src/project-panel.tsx, /src/account-preparation-panel.tsx, /src/material-workspace.tsx, /src/project-planning-panel.tsx, /src/project-direction-panel.tsx
6:14:00 PM [vite] (client) hmr update /src/app.tsx, /src/project-panel.tsx, /src/account-preparation-panel.tsx, /src/material-workspace.tsx, /src/project-planning-panel.tsx, /src/project-direction-panel.tsx
6:14:00 PM [vite] (client) hmr update /src/app.tsx, /src/project-panel.tsx, /src/account-preparation-panel.tsx, /src/material-workspace.tsx, /src/project-planning-panel.tsx, /src/project-direction-panel.tsx
6:14:00 PM [vite] (client) hmr update /src/app.tsx, /src/project-panel.tsx, /src/account-preparation-panel.tsx, /src/material-workspace.tsx, /src/project-planning-panel.tsx, /src/project-direction-panel.tsx
6:14:00 PM [vite] (client) hmr update /src/app.tsx, /src/project-panel.tsx, /src/account-preparation-panel.tsx, /src/material-workspace.tsx, /src/project-planning-panel.tsx, /src/project-direction-panel.tsx
6:14:00 PM [vite] (client) hmr update /src/app.tsx, /src/project-panel.tsx, /src/account-preparation-panel.tsx, /src/material-workspace.tsx, /src/project-planning-panel.tsx, /src/project-direction-panel.tsx
6:14:00 PM [vite] (client) hmr update /src/app.tsx, /src/project-panel.tsx, /src/account-preparation-panel.tsx, /src/material-workspace.tsx, /src/project-planning-panel.tsx, /src/project-direction-panel.tsx
6:14:00 PM [vite] (client) hmr update /src/app.tsx, /src/project-panel.tsx, /src/account-preparation-panel.tsx, /src/material-workspace.tsx, /src/project-planning-panel.tsx, /src/project-direction-panel.tsx
6:14:00 PM [vite] (client) hmr update /src/app.tsx, /src/project-panel.tsx, /src/account-preparation-panel.tsx, /src/material-workspace.tsx, /src/project-planning-panel.tsx, /src/project-direction-panel.tsx
6:14:00 PM [vite] (client) hmr update /src/app.tsx, /src/project-panel.tsx, /src/account-preparation-panel.tsx, /src/material-workspace.tsx, /src/project-planning-panel.tsx, /src/project-direction-panel.tsx
6:14:00 PM [vite] (client) hmr update /src/app.tsx, /src/project-panel.tsx, /src/account-preparation-panel.tsx, /src/material-workspace.tsx, /src/project-planning-panel.tsx, /src/project-direction-panel.tsx
6:14:01 PM [vite] (client) hmr update /src/app.tsx, /src/project-panel.tsx, /src/account-preparation-panel.tsx, /src/material-workspace.tsx, /src/project-planning-panel.tsx, /src/project-direction-panel.tsx
/Users/linghuxj/Documents/myproject/project/SocialGrowth/product/web:
 ERR_PNPM_RECURSIVE_RUN_FIRST_FAIL  @socialgrowth/product-web@0.0.0 dev: `vite --host 127.0.0.1 --port 3100`
Exit status 143
